/Lotus/Weapons/Tenno/Grimoire/TnDoppelgangerGrimoire
/Lotus/Weapons/Grineer/Pistols/GrnQueenGuardDualPistol/GrnQueenGuardDualPistols
/Lotus/Weapons/Grineer/Pistols/GrnDWUniques/GrnTwinKohmaks
/Lotus/Powersuits/Ranger/ExaltedBow
/Lotus/Powersuits/Ranger/PrimeExaltedBow
/Lotus/Types/Friendly/Pets/CreaturePets/CreaturePetParts/Deimos/InfestedCritterAntigenD
/Lotus/Types/Friendly/Pets/CreaturePets/CreaturePetParts/Deimos/InfestedCritterMutagenD
/Lotus/Types/Friendly/Pets/CreaturePets/CreaturePetParts/Deimos/InfestedPredatorAntigenC
/Lotus/Types/Friendly/Pets/CreaturePets/CreaturePetParts/Deimos/InfestedPredatorAntigenD
/Lotus/Types/Friendly/Pets/CreaturePets/CreaturePetParts/Deimos/InfestedPredatorMutagenC
/Lotus/Types/Friendly/Pets/CreaturePets/CreaturePetParts/Deimos/InfestedPredatorMutagenD
/Lotus/Types/Friendly/Pets/MoaPets/MoaPetParts/MoaPetHeadMelee
/Lotus/Types/Friendly/Pets/MoaPets/MoaPetParts/MoaPetHeadOloro
/Lotus/Types/Friendly/Pets/MoaPets/MoaPetParts/MoaPetHeadPara
/Lotus/Types/Friendly/Pets/MoaPets/MoaPetParts/MoaPetLegB
/Lotus/Types/Friendly/Pets/MoaPets/MoaPetParts/MoaPetLegC
/Lotus/Types/Friendly/Pets/MoaPets/MoaPetParts/MoaPetLegD
/Lotus/Types/Friendly/Pets/MoaPets/MoaPetParts/MoaPetLegMelee
/Lotus/Types/Friendly/Pets/MoaPets/MoaPetParts/MoaPetPayloadAegron
/Lotus/Types/Friendly/Pets/MoaPets/MoaPetParts/MoaPetPayloadCryoxion
/Lotus/Types/Friendly/Pets/MoaPets/MoaPetParts/MoaPetPayloadDarta
/Lotus/Types/Friendly/Pets/MoaPets/MoaPetParts/MoaPetPayloadHextra
/Lotus/Types/Friendly/Pets/MoaPets/MoaPetParts/MoaPetPayloadMunitron
/Lotus/Types/Friendly/Pets/MoaPets/MoaPetParts/MoaPetPayloadTazron
/Lotus/Types/Friendly/Pets/MoaPets/MoaPetParts/MoaPetPayloadThermocor
/Lotus/Types/Friendly/Pets/ZanukaPets/ZanukaPetParts/ZanukaPetPartLegsC
/Lotus/Weapons/Ostron/Melee/ModularMelee01/Tip/PvPVariantTipFive
/Lotus/Weapons/Ostron/Melee/ModularMelee01/Tip/PvPVariantTipFour
/Lotus/Weapons/Ostron/Melee/ModularMelee01/Tip/PvPVariantTipOne
/Lotus/Weapons/Ostron/Melee/ModularMelee01/Tip/PvPVariantTipSix
/Lotus/Weapons/Ostron/Melee/ModularMelee01/Tip/PvPVariantTipThree
/Lotus/Weapons/Ostron/Melee/ModularMelee01/Tip/PvPVariantTipTwo
/Lotus/Weapons/Ostron/Melee/ModularMeleeInfested/Tips/PvPVariantInfestedTipOne
/Lotus/Weapons/Ostron/Melee/ModularMeleeInfested/Tips/PvPVariantInfestedTipTwo
/Lotus/Weapons/Tenno/Melee/Polearms/DaxDuviriPolearm/DaxDuviriPolearmSpearPlayerWeapon
/Lotus/Weapons/Tenno/Melee/Swords/DaxDuviriTwoHandedKatana/DaxDuviriTwoHandedKatanaPlayerWeapon
